
========== FANO ADDON — ULTIMATE TEST ==========

✔ OK — Node versija ir >= 18 (0ms)
✔ OK — index.js / manifest.json / package.json eksistē (0ms)
✔ OK — BASE https://fano-raitino90-new.onrender.com reachable (131ms)
✔ OK — index.js izskatās pēc Stremio addona (0ms)
✔ OK — index.js require and helpers available (206ms)
✔ OK — package.json ir derīgs un satur core laukus (0ms)
✔ OK — package.json engines.node ir >= 18 (0ms)
✔ OK — manifest.json satur visus nepieciešamos laukus (0ms)
✔ OK — API /manifest.json atgriež korektu Stremio manifestu (70ms)
✔ OK — Lokālais un API manifests (id/name) sakrīt (0ms)
✔ OK — CONFIG_VALID ir derīgs base64-url ar username/password (0ms)
✔ OK — CONFIG_INVALID manifest pieprasījums neizraisa crash (34ms)
✔ OK — index.js var require bez crash (ja npm install izpildīts) (0ms)
✔ OK — GET /health darbojas un atgriež status=ok (33ms)
✔ OK — GET /manifest.json darbojas ar korektu Content-Type (34ms)
✔ OK — GET /<config>/manifest.json (valid) darbojas (30ms)
✔ OK — HTML konfigurācijas lapa satur formu un base64 loģiku (35ms)
✔ OK — Stream movie/tt0000001.json struktūra derīga (32ms)
✔ OK — Stream movie/tt0133093.json struktūra derīga (32ms)
✔ OK — Stream movie/tt0944947.json struktūra derīga (33ms)
✔ OK — Stream series endpoint struktūra derīga (30ms)
✔ OK — Stream ar invalid IMDb ID neatgriež crash (40ms)
   i) Pirmais: 34ms, otrais: 32ms
✔ OK — Performance: otrs stream pieprasījums nav daudz lēnāks par pirmo (66ms)
✔ OK — Concurrency: 5 stream pieprasījumi paralēli strādā bez crash (81ms)
✔ OK — Stremio install link (valid config) ir sasniedzams (33ms)
✔ OK — Stremio install link (invalid config) neatkrīt un atgriež manifest.json (31ms)
✔ OK — Pareiza config → stream atgriež korektu struktūru (33ms)
✔ OK — Nepareiza parole/username (invalid config) → streams ir tukšs (100ms)
✔ OK — HTML lapa ģenerē derīgu base64 config linku (simulācija) (60ms)
✔ OK — Regression matrix: movie/tt0468569.json struktūra derīga (29ms)
✔ OK — Regression matrix: movie/tt1375666.json struktūra derīga (36ms)
✔ OK — Regression matrix: movie/tt0120737.json struktūra derīga (32ms)
✔ OK — Regression matrix: movie/tt4154796.json struktūra derīga (29ms)
✔ OK — Regression matrix: movie/tt0903747.json struktūra derīga (32ms)
✔ OK — Fuzz: random config vērtības neizraisa 5xx pie manifest (152ms)
✔ OK — Fuzz: random config vērtības neizraisa 5xx pie stream (182ms)
✔ OK — Chaos: nejaušs ceļš /random/... neatgriež 5xx (32ms)
✔ OK — Chaos: stream ar ļoti garu ID neatgriež 5xx (45ms)
✔ OK — Extra load: 10 paralēli stream pieprasījumi (96ms)
✔ OK — Stabilitāte: 10 secīgi /health pieprasījumi (298ms)

========== ULTIMATE TEST PABEIGTS ==========

